2026-07-24 16:33:52 | INFO | ============================================================
2026-07-24 16:33:52 | INFO | ESHOT VERİ PIPELINE'I BAŞLATILDI
2026-07-24 16:33:52 | INFO | ============================================================
2026-07-24 16:33:52 | INFO | Proje klasörü: C:\Users\ElifSimal\Desktop\veri_analizi\eshot_analytics_project3
2026-07-24 16:33:52 | INFO | Script klasörü: C:\Users\ElifSimal\Desktop\veri_analizi\eshot_analytics_project3\scripts
2026-07-24 16:33:52 | INFO | Rapor klasörü: C:\Users\ElifSimal\Desktop\veri_analizi\eshot_analytics_project3\outputs\reports
2026-07-24 16:33:52 | INFO | Log dosyası: C:\Users\ElifSimal\Desktop\veri_analizi\eshot_analytics_project3\outputs\logs\pipeline_2026-07-24_16-33-52.log
2026-07-24 16:33:52 | INFO | ------------------------------------------------------------
2026-07-24 16:33:52 | INFO | Script başlatılıyor: clean_data.py
2026-07-24 16:33:55 | INFO | Script çıktısı:
=================================================================
ESHOT VERİ TEMİZLEME VE DÖNÜŞTÜRME
=================================================================

Ham veri satır sayısı: 11783
Ham veri sütun sayısı: 6

Kontrol sonuçları:
- Durak ID değerleri benzersiz: Başarılı
- Tekrarlı durak-hat ilişkisi yok: Başarılı
- Durak-hat referans kontrolü: Başarılı
- Ham ve temiz veri tutarlılığı: Başarılı
- stop_routes içinde boş route_number yok: Başarılı
- Geçerli koordinatlar aralık içinde ve dolu: Başarılı
- Geçersiz koordinatlarda en az bir sorun var: Başarılı
- Hatsız durak sayısı eksik+parse edilemeyen ile tutarlı: Başarılı
- Reddedilen satırlarda kaynak satır bilgisi korunmuş: Başarılı

=================================================================
VERİ TEMİZLEME SONUÇLARI
=================================================================
Ham veri satır sayısı       : 11783
Geçerli durak ID sayısı     : 11782
Temiz durak sayısı          : 11782
Benzersiz hat sayısı        : 441
Durak-hat ilişkisi sayısı   : 31356
Veri kalitesi sorunu sayısı : 89
Reddedilen satır sayısı     : 1

Oluşturulan dosyalar:
- C:\Users\ElifSimal\Desktop\veri_analizi\eshot_analytics_project3\data\processed\stops_clean.csv
- C:\Users\ElifSimal\Desktop\veri_analizi\eshot_analytics_project3\data\processed\stop_routes.csv
- C:\Users\ElifSimal\Desktop\veri_analizi\eshot_analytics_project3\data\processed\data_quality_issues.csv
- C:\Users\ElifSimal\Desktop\veri_analizi\eshot_analytics_project3\data\processed\rejected_rows.csv

Veri temizleme işlemi başarıyla tamamlandı.
2026-07-24 16:33:55 | INFO | clean_data.py başarıyla tamamlandı. Süre: 3.21 saniye
2026-07-24 16:33:55 | INFO | ------------------------------------------------------------
2026-07-24 16:33:55 | INFO | Script başlatılıyor: build_database.py
2026-07-24 16:33:57 | INFO | Script çıktısı:
=================================================================
ESHOT SQLITE VERİTABANI OLUŞTURMA
=================================================================

Temizlenmiş CSV dosyaları okunuyor...
Veritabanı şeması oluşturuluyor...
Temizlenmiş veriler aktarılıyor...

=================================================================
VERİTABANI OLUŞTURMA SONUÇLARI
=================================================================
Stops            : 11782
Routes           : 441
StopRoutes       : 31356
DataQualityIssues: 89

Kontrol sonuçları:
- Temiz CSV ve veritabanı sayıları eşleşiyor.
- Tekrarlı durak-hat ilişkisi bulunmuyor.
- Foreign key kontrolü başarılı.
- routes tablosunda boş/tekrar eden hat yok.
- Hatsız durak sayısı, veritabanındaki eksik/parse edilemeyen hat kayıtlarıyla tutarlı.
- Script yeniden çalıştırılabilir.

Veritabanı dosyası:
- C:\Users\ElifSimal\Desktop\veri_analizi\eshot_analytics_project3\database\eshot_analytics.db

SQLite veritabanı başarıyla oluşturuldu.
2026-07-24 16:33:57 | INFO | build_database.py başarıyla tamamlandı. Süre: 1.36 saniye
2026-07-24 16:33:57 | INFO | ------------------------------------------------------------
2026-07-24 16:33:57 | INFO | Script başlatılıyor: run_analysis.py
2026-07-24 16:34:00 | INFO | Script çıktısı:
=================================================================
ESHOT SQL ANALİZİ VE GRAFİK OLUŞTURMA
=================================================================

=================================================================
TEMEL VERİTABANI KONTROLLERİ
=================================================================
Toplam durak sayısı              : 11782
Geçerli koordinatlı durak sayısı : 11776
Geçersiz koordinatlı durak sayısı: 6
Hat bilgisi olmayan durak sayısı : 82
Toplam benzersiz hat sayısı      : 441
Toplam durak-hat ilişkisi         : 31356
Toplam veri kalitesi sorunu       : 89
Sadece bir hattın geçtiği durak   : 5866

En fazla duraktan geçen 10 hat:
route_number  stop_count
         697         400
         806         384
         858         294
         987         264
         775         239
         795         229
         701         220
         981         218
         829         217
         761         215

En fazla hattın geçtiği 10 durak:
 stop_id                stop_name  route_count
   50004 Fahrettin Altay Meydan 9           31
   10240                Kız Yurdu           31
   50008                    Beyaz           24
   10231                 Kestelli           24
   20057                    Turan           24
   20060                    Turan           24
   20151         Karşıyaka İskele           23
   12874       Halkapınar Tramvay           22
   50011         Balçova İstasyon           21
   20157    Dokuz Eylül Dispanser           21

Oluşturulan CSV raporları:
- C:\Users\ElifSimal\Desktop\veri_analizi\eshot_analytics_project3\outputs\reports\top_10_routes.csv
- C:\Users\ElifSimal\Desktop\veri_analizi\eshot_analytics_project3\outputs\reports\top_10_stops.csv
- C:\Users\ElifSimal\Desktop\veri_analizi\eshot_analytics_project3\outputs\reports\data_quality_summary.csv
- C:\Users\ElifSimal\Desktop\veri_analizi\eshot_analytics_project3\outputs\reports\duplicate_stop_names.csv
- C:\Users\ElifSimal\Desktop\veri_analizi\eshot_analytics_project3\outputs\reports\route_stop_counts.csv
- C:\Users\ElifSimal\Desktop\veri_analizi\eshot_analytics_project3\outputs\reports\stops_with_more_than_five_routes.csv

Oluşturulan grafikler:
- C:\Users\ElifSimal\Desktop\veri_analizi\eshot_analytics_project3\outputs\charts\top_10_routes.png
- C:\Users\ElifSimal\Desktop\veri_analizi\eshot_analytics_project3\outputs\charts\top_10_stops.png
- C:\Users\ElifSimal\Desktop\veri_analizi\eshot_analytics_project3\outputs\charts\data_quality_summary.png

Kontrol sonuçları:
- Hatlar ayrı ayrı analiz edildi.
- Birleşik hat değeri bulunmuyor.
- En yoğun 10 hat sorgusu doğrulandı.
- En yoğun 10 durak sorgusu doğrulandı.
- CSV raporları başarıyla oluşturuldu.
- Grafikler başarıyla oluşturuldu.

SQL analiz işlemi başarıyla tamamlandı.
2026-07-24 16:34:00 | INFO | run_analysis.py başarıyla tamamlandı. Süre: 3.09 saniye
2026-07-24 16:34:00 | INFO | ------------------------------------------------------------
2026-07-24 16:34:00 | INFO | Script başlatılıyor: run_advanced_analysis.py
2026-07-24 16:34:01 | INFO | Script çıktısı:
======================================================================
ESHOT GELİŞMİŞ SQL ANALİZİ
======================================================================

Gelişmiş SQL view'ları oluşturuluyor...

======================================================================
GELİŞMİŞ SQL ANALİZ SONUÇLARI
======================================================================
Durak-hat sayısı kaydı           : 11782
Hat-durak sayısı kaydı           : 441
Aktarma durağı sayısı            : 5834
Durak bazlı hat çifti kaydı      : 77585
Benzersiz hat çifti sayısı       : 6568
Hattı olmayan durak sayısı       : 82
Geçersiz koordinatlı durak sayısı: 6
Aynı isimli farklı ID kayıtları  : 10973

En fazla aktarma seçeneği sunan 10 durak:
 stop_id                stop_name  route_count  transfer_rank
   10240                Kız Yurdu           31              1
   50004 Fahrettin Altay Meydan 9           31              1
   10231                 Kestelli           24              2
   20057                    Turan           24              2
   20060                    Turan           24              2
   50008                    Beyaz           24              2
   20151         Karşıyaka İskele           23              3
   12874       Halkapınar Tramvay           22              4
   20081            Çiğli İtfaiye           21              5
   20153          Osman Bey Parkı           21              5

En fazla ortak durağa sahip 10 hat çifti:
route_1 route_2  common_stop_count  common_stop_rank
    697     806                347                 1
    975     985                187                 2
    697     858                165                 3
    806     858                163                 4
    727     858                160                 5
    975     987                160                 5
    985     987                159                 6
    697     795                157                 7
    795     806                157                 7
    981     982                141                 8

Oluşturulan CSV raporları:
- C:\Users\ElifSimal\Desktop\veri_analizi\eshot_analytics_project3\outputs\reports\advanced_sql\stop_route_counts.csv
- C:\Users\ElifSimal\Desktop\veri_analizi\eshot_analytics_project3\outputs\reports\advanced_sql\route_stop_counts_advanced.csv
- C:\Users\ElifSimal\Desktop\veri_analizi\eshot_analytics_project3\outputs\reports\advanced_sql\transfer_stops.csv
- C:\Users\ElifSimal\Desktop\veri_analizi\eshot_analytics_project3\outputs\reports\advanced_sql\top_transfer_stops.csv
- C:\Users\ElifSimal\Desktop\veri_analizi\eshot_analytics_project3\outputs\reports\advanced_sql\route_pairs_by_stop.csv
- C:\Users\ElifSimal\Desktop\veri_analizi\eshot_analytics_project3\outputs\reports\advanced_sql\route_pair_common_stop_counts.csv
- C:\Users\ElifSimal\Desktop\veri_analizi\eshot_analytics_project3\outputs\reports\advanced_sql\top_route_pairs.csv
- C:\Users\ElifSimal\Desktop\veri_analizi\eshot_analytics_project3\outputs\reports\advanced_sql\stops_without_routes.csv
- C:\Users\ElifSimal\Desktop\veri_analizi\eshot_analytics_project3\outputs\reports\advanced_sql\invalid_coordinate_stops.csv
- C:\Users\ElifSimal\Desktop\veri_analizi\eshot_analytics_project3\outputs\reports\advanced_sql\duplicate_stop_names_advanced.csv

Kontrol sonuçları:
- 10 gelişmiş SQL view'ı oluşturuldu.
- CTE kullanımı doğrulandı.
- Self join ile hat çiftleri oluşturuldu.
- GROUP BY ve HAVING kullanıldı.
- Window function ile sıralamalar oluşturuldu.
- Ters hat çifti tekrarları engellendi.
- Analiz sonuçlarının temel tutarlılığı doğrulandı.
- CSV raporları başarıyla oluşturuldu.

Gelişmiş SQL analizi başarıyla tamamlandı.
2026-07-24 16:34:01 | INFO | run_advanced_analysis.py başarıyla tamamlandı. Süre: 1.54 saniye
2026-07-24 16:34:01 | INFO | ------------------------------------------------------------
2026-07-24 16:34:01 | INFO | Script başlatılıyor: network_analysis.py
2026-07-24 16:34:04 | INFO | Script çıktısı:
=================================================================
ESHOT HAT AĞI ANALİZİ
=================================================================

Durak-hat verileri okunuyor...
Hat bağlantıları oluşturuluyor...
Hat ağ ölçümleri hesaplanıyor...
Ağ raporları kaydediliyor...

=================================================================
AĞ ANALİZİ SONUÇLARI
=================================================================
Bağlantılı hat sayısı       : 441
Hatlar arası bağlantı sayısı: 6568

En bağlantılı 10 hat:
route_number  connected_route_count  total_shared_stop_count
         200                     96                      852
         660                     93                     1092
         920                     93                     1001
         950                     89                      719
         602                     86                      968
         515                     85                      917
         121                     84                      564
         811                     82                      314
         800                     80                      942
         543                     75                      587

Oluşturulan dosyalar:
- C:\Users\ElifSimal\Desktop\veri_analizi\eshot_analytics_project3\outputs\reports\network\route_connections.csv
- C:\Users\ElifSimal\Desktop\veri_analizi\eshot_analytics_project3\outputs\reports\network\top_network_routes.csv
- C:\Users\ElifSimal\Desktop\veri_analizi\eshot_analytics_project3\outputs\reports\network\network_summary.json

Ağ analizi başarıyla tamamlandı.
2026-07-24 16:34:04 | INFO | network_analysis.py başarıyla tamamlandı. Süre: 2.14 saniye
2026-07-24 16:34:04 | INFO | ------------------------------------------------------------
2026-07-24 16:34:04 | INFO | Script başlatılıyor: run_network_analysis.py
2026-07-24 16:34:07 | INFO | Script çıktısı:
=================================================================
ESHOT HAT-DURAK AĞ ANALİZİ
=================================================================
Toplam düğüm sayısı              : 12223
Durak düğümü sayısı              : 11782
Hat düğümü sayısı                : 441
Toplam bağlantı sayısı           : 31356
Bağlantılı bileşen sayısı        : 83
En büyük bileşenin büyüklüğü     : 12141
Hiçbir hatta bağlı olmayan durak : 82

En güçlü 10 aktarma durağı:
 stop_id                stop_name  route_count
   10240                Kız Yurdu           31
   50004 Fahrettin Altay Meydan 9           31
   10231                 Kestelli           24
   20057                    Turan           24
   20060                    Turan           24
   50008                    Beyaz           24
   20151         Karşıyaka İskele           23
   12874       Halkapınar Tramvay           22
   20081            Çiğli İtfaiye           21
   20153          Osman Bey Parkı           21

En fazla durağa bağlı 10 hat:
route_number  stop_count
         697         400
         806         384
         858         294
         987         264
         775         239
         795         229
         701         220
         981         218
         829         217
         761         215

En fazla ortak durağa sahip 10 hat çifti:
route_1 route_2  shared_stop_count
    697     806                347
    975     985                187
    697     858                165
    806     858                163
    727     858                160
    975     987                160
    985     987                159
    697     795                157
    795     806                157
    981     982                141

Oluşturulan CSV raporları:
- outputs\reports\network_summary.csv
- outputs\reports\top_transfer_hubs.csv
- outputs\reports\route_pairs_shared_stops.csv
- outputs\reports\connected_components.csv
- outputs\reports\isolated_stops.csv
- outputs\reports\network_top_routes.csv

Oluşturulan grafikler:
- outputs\charts\top_15_transfer_hubs.png
- outputs\charts\top_15_route_pairs_shared_stops.png
- outputs\charts\stop_route_count_distribution.png

Bağlantılı bileşen raporu satır sayısı:
83

Ağ analizi başarıyla tamamlandı.
=================================================================
2026-07-24 16:34:07 | INFO | run_network_analysis.py başarıyla tamamlandı. Süre: 3.91 saniye
2026-07-24 16:34:07 | INFO | ------------------------------------------------------------
2026-07-24 16:34:07 | INFO | Script başlatılıyor: validate_pipeline.py
2026-07-24 16:34:08 | INFO | Script çıktısı:
=================================================================
ESHOT PIPELINE DOĞRULAMA KONTROLLERİ
=================================================================

1. Gerekli dosyalar kontrol ediliyor...
Dosya kontrolü başarılı: 16 dosya doğrulandı.

2. Veritabanı kontrol ediliyor...
Veritabanı kontrolü başarılı.
- Durak sayısı: 11782
- Hat sayısı: 441
- Durak-hat ilişkisi: 31356
- Veri kalitesi sorunu: 89
- Geçerli koordinat: 11776
- Geçersiz koordinat: 6

3. Ağ analizi çıktıları kontrol ediliyor...
Ağ analizi kontrolü başarılı.
- Analiz edilen hat sayısı: 441
- Hat bağlantısı sayısı: 6568
- En bağlantılı hat: 200
- En yüksek bağlantı derecesi: 96

=================================================================
TÜM DOĞRULAMA KONTROLLERİ BAŞARIYLA TAMAMLANDI
=================================================================
2026-07-24 16:34:08 | INFO | validate_pipeline.py başarıyla tamamlandı. Süre: 0.08 saniye
2026-07-24 16:34:08 | INFO | ============================================================
2026-07-24 16:34:08 | INFO | ESHOT VERİ PIPELINE'I BAŞARIYLA TAMAMLANDI
2026-07-24 16:34:08 | INFO | ============================================================
2026-07-24 16:34:08 | INFO | Ham kayıt sayısı: 11783
2026-07-24 16:34:08 | INFO | Temiz durak sayısı: 11782
2026-07-24 16:34:08 | INFO | Reddedilen kayıt sayısı: 1
2026-07-24 16:34:08 | INFO | Benzersiz hat sayısı: 441
2026-07-24 16:34:08 | INFO | Durak-hat ilişkisi sayısı: 31356
2026-07-24 16:34:08 | INFO | Veri kalitesi sorunu sayısı: 89
2026-07-24 16:34:08 | INFO | Geçerli koordinat sayısı: 11776
2026-07-24 16:34:08 | INFO | Geçersiz koordinat sayısı: 6
2026-07-24 16:34:08 | INFO | Script çalışma süreleri: {'clean_data': 3.21, 'build_database': 1.36, 'sql_analysis': 3.09, 'advanced_sql_analysis': 1.54, 'route_network_analysis': 2.14, 'network_analysis': 3.91, 'pipeline_validation': 0.08}
2026-07-24 16:34:08 | INFO | Toplam pipeline süresi: 15.34 saniye
2026-07-24 16:34:08 | INFO | Pipeline özet dosyası: C:\Users\ElifSimal\Desktop\veri_analizi\eshot_analytics_project3\outputs\reports\pipeline_summary.json
